Archive member included to satisfy reference by file (symbol)

c:/st/stm32cubeide_1.12.1/stm32cubeide/plugins/com.st.stm32cube.ide.mcu.externaltools.gnu-tools-for-stm32.10.3-2021.10.win32_1.0.200.202301161003/tools/bin/../lib/gcc/arm-none-eabi/10.3.1/../../../../arm-none-eabi/lib/thumb/v7-m/nofp\libc_nano.a(lib_a-errno.o)
                              ./Core/Src/syscalls.o (__errno)
c:/st/stm32cubeide_1.12.1/stm32cubeide/plugins/com.st.stm32cube.ide.mcu.externaltools.gnu-tools-for-stm32.10.3-2021.10.win32_1.0.200.202301161003/tools/bin/../lib/gcc/arm-none-eabi/10.3.1/../../../../arm-none-eabi/lib/thumb/v7-m/nofp\libc_nano.a(lib_a-exit.o)
                              c:/st/stm32cubeide_1.12.1/stm32cubeide/plugins/com.st.stm32cube.ide.mcu.externaltools.gnu-tools-for-stm32.10.3-2021.10.win32_1.0.200.202301161003/tools/bin/../lib/gcc/arm-none-eabi/10.3.1/../../../../arm-none-eabi/lib/thumb/v7-m/nofp/crt0.o (exit)
c:/st/stm32cubeide_1.12.1/stm32cubeide/plugins/com.st.stm32cube.ide.mcu.externaltools.gnu-tools-for-stm32.10.3-2021.10.win32_1.0.200.202301161003/tools/bin/../lib/gcc/arm-none-eabi/10.3.1/../../../../arm-none-eabi/lib/thumb/v7-m/nofp\libc_nano.a(lib_a-impure.o)
                              c:/st/stm32cubeide_1.12.1/stm32cubeide/plugins/com.st.stm32cube.ide.mcu.externaltools.gnu-tools-for-stm32.10.3-2021.10.win32_1.0.200.202301161003/tools/bin/../lib/gcc/arm-none-eabi/10.3.1/../../../../arm-none-eabi/lib/thumb/v7-m/nofp\libc_nano.a(lib_a-exit.o) (_global_impure_ptr)
c:/st/stm32cubeide_1.12.1/stm32cubeide/plugins/com.st.stm32cube.ide.mcu.externaltools.gnu-tools-for-stm32.10.3-2021.10.win32_1.0.200.202301161003/tools/bin/../lib/gcc/arm-none-eabi/10.3.1/../../../../arm-none-eabi/lib/thumb/v7-m/nofp\libc_nano.a(lib_a-init.o)
                              c:/st/stm32cubeide_1.12.1/stm32cubeide/plugins/com.st.stm32cube.ide.mcu.externaltools.gnu-tools-for-stm32.10.3-2021.10.win32_1.0.200.202301161003/tools/bin/../lib/gcc/arm-none-eabi/10.3.1/../../../../arm-none-eabi/lib/thumb/v7-m/nofp/crt0.o (__libc_init_array)
c:/st/stm32cubeide_1.12.1/stm32cubeide/plugins/com.st.stm32cube.ide.mcu.externaltools.gnu-tools-for-stm32.10.3-2021.10.win32_1.0.200.202301161003/tools/bin/../lib/gcc/arm-none-eabi/10.3.1/../../../../arm-none-eabi/lib/thumb/v7-m/nofp\libc_nano.a(lib_a-itoa.o)
                              ./Core/Src/main.o (itoa)
c:/st/stm32cubeide_1.12.1/stm32cubeide/plugins/com.st.stm32cube.ide.mcu.externaltools.gnu-tools-for-stm32.10.3-2021.10.win32_1.0.200.202301161003/tools/bin/../lib/gcc/arm-none-eabi/10.3.1/../../../../arm-none-eabi/lib/thumb/v7-m/nofp\libc_nano.a(lib_a-memset.o)
                              c:/st/stm32cubeide_1.12.1/stm32cubeide/plugins/com.st.stm32cube.ide.mcu.externaltools.gnu-tools-for-stm32.10.3-2021.10.win32_1.0.200.202301161003/tools/bin/../lib/gcc/arm-none-eabi/10.3.1/../../../../arm-none-eabi/lib/thumb/v7-m/nofp/crt0.o (memset)
c:/st/stm32cubeide_1.12.1/stm32cubeide/plugins/com.st.stm32cube.ide.mcu.externaltools.gnu-tools-for-stm32.10.3-2021.10.win32_1.0.200.202301161003/tools/bin/../lib/gcc/arm-none-eabi/10.3.1/../../../../arm-none-eabi/lib/thumb/v7-m/nofp\libc_nano.a(lib_a-utoa.o)
                              c:/st/stm32cubeide_1.12.1/stm32cubeide/plugins/com.st.stm32cube.ide.mcu.externaltools.gnu-tools-for-stm32.10.3-2021.10.win32_1.0.200.202301161003/tools/bin/../lib/gcc/arm-none-eabi/10.3.1/../../../../arm-none-eabi/lib/thumb/v7-m/nofp\libc_nano.a(lib_a-itoa.o) (__utoa)

Discarded input sections

 .text          0x0000000000000000        0x0 c:/st/stm32cubeide_1.12.1/stm32cubeide/plugins/com.st.stm32cube.ide.mcu.externaltools.gnu-tools-for-stm32.10.3-2021.10.win32_1.0.200.202301161003/tools/bin/../lib/gcc/arm-none-eabi/10.3.1/thumb/v7-m/nofp/crti.o
 .data          0x0000000000000000        0x0 c:/st/stm32cubeide_1.12.1/stm32cubeide/plugins/com.st.stm32cube.ide.mcu.externaltools.gnu-tools-for-stm32.10.3-2021.10.win32_1.0.200.202301161003/tools/bin/../lib/gcc/arm-none-eabi/10.3.1/thumb/v7-m/nofp/crti.o
 .bss           0x0000000000000000        0x0 c:/st/stm32cubeide_1.12.1/stm32cubeide/plugins/com.st.stm32cube.ide.mcu.externaltools.gnu-tools-for-stm32.10.3-2021.10.win32_1.0.200.202301161003/tools/bin/../lib/gcc/arm-none-eabi/10.3.1/thumb/v7-m/nofp/crti.o
 .data          0x0000000000000000        0x4 c:/st/stm32cubeide_1.12.1/stm32cubeide/plugins/com.st.stm32cube.ide.mcu.externaltools.gnu-tools-for-stm32.10.3-2021.10.win32_1.0.200.202301161003/tools/bin/../lib/gcc/arm-none-eabi/10.3.1/thumb/v7-m/nofp/crtbegin.o
 .rodata        0x0000000000000000       0x24 c:/st/stm32cubeide_1.12.1/stm32cubeide/plugins/com.st.stm32cube.ide.mcu.externaltools.gnu-tools-for-stm32.10.3-2021.10.win32_1.0.200.202301161003/tools/bin/../lib/gcc/arm-none-eabi/10.3.1/thumb/v7-m/nofp/crtbegin.o
[...]
Memory Configuration

Name             Origin             Length             Attributes
RAM              0x0000000020000000 0x0000000000005000 xrw
FLASH            0x0000000008000000 0x0000000000010000 xr
*default*        0x0000000000000000 0xffffffffffffffff

Linker script and memory map

LOAD c:/st/stm32cubeide_1.12.1/stm32cubeide/plugins/com.st.stm32cube.ide.mcu.externaltools.gnu-tools-for-stm32.10.3-2021.10.win32_1.0.200.202301161003/tools/bin/../lib/gcc/arm-none-eabi/10.3.1/thumb/v7-m/nofp/crti.o
LOAD c:/st/stm32cubeide_1.12.1/stm32cubeide/plugins/com.st.stm32cube.ide.mcu.externaltools.gnu-tools-for-stm32.10.3-2021.10.win32_1.0.200.202301161003/tools/bin/../lib/gcc/arm-none-eabi/10.3.1/thumb/v7-m/nofp/crtbegin.o
LOAD c:/st/stm32cubeide_1.12.1/stm32cubeide/plugins/com.st.stm32cube.ide.mcu.externaltools.gnu-tools-for-stm32.10.3-2021.10.win32_1.0.200.202301161003/tools/bin/../lib/gcc/arm-none-eabi/10.3.1/../../../../arm-none-eabi/lib/thumb/v7-m/nofp/crt0.o
LOAD ./Core/Src/main.o
LOAD ./Core/Src/stm32f1xx_hal_msp.o
LOAD ./Core/Src/stm32f1xx_it.o
LOAD ./Core/Src/syscalls.o
LOAD ./Core/Src/sysmem.o
LOAD ./Core/Src/system_stm32f1xx.o
LOAD ./Core/Startup/startup_stm32f103c8tx.o
LOAD ./Drivers/ARM_Drivers/Delay_Micros/dwt_stm32_delay.o
LOAD ./Drivers/Device_Drivers/HD44780_LCD/HD44780_LCD.o
LOAD ./Drivers/Device_Drivers/Matrix_Keypad/Matrix_Keypad.o
LOAD ./Drivers/STM32F1xx_HAL_Driver/Src/stm32f1xx_hal.o
LOAD ./Drivers/STM32F1xx_HAL_Driver/Src/stm32f1xx_hal_cortex.o
LOAD ./Drivers/STM32F1xx_HAL_Driver/Src/stm32f1xx_hal_dma.o
LOAD ./Drivers/STM32F1xx_HAL_Driver/Src/stm32f1xx_hal_exti.o
LOAD ./Drivers/STM32F1xx_HAL_Driver/Src/stm32f1xx_hal_flash.o
LOAD ./Drivers/STM32F1xx_HAL_Driver/Src/stm32f1xx_hal_flash_ex.o
LOAD ./Drivers/STM32F1xx_HAL_Driver/Src/stm32f1xx_hal_gpio.o
LOAD ./Drivers/STM32F1xx_HAL_Driver/Src/stm32f1xx_hal_gpio_ex.o
LOAD ./Drivers/STM32F1xx_HAL_Driver/Src/stm32f1xx_hal_pwr.o
LOAD ./Drivers/STM32F1xx_HAL_Driver/Src/stm32f1xx_hal_rcc.o
LOAD ./Drivers/STM32F1xx_HAL_Driver/Src/stm32f1xx_hal_rcc_ex.o
LOAD ./Drivers/STM32F1xx_HAL_Driver/Src/stm32f1xx_hal_tim.o
LOAD ./Drivers/STM32F1xx_HAL_Driver/Src/stm32f1xx_hal_tim_ex.o
START GROUP
LOAD c:/st/stm32cubeide_1.12.1/stm32cubeide/plugins/com.st.stm32cube.ide.mcu.externaltools.gnu-tools-for-stm32.10.3-2021.10.win32_1.0.200.202301161003/tools/bin/../lib/gcc/arm-none-eabi/10.3.1/../../../../arm-none-eabi/lib/thumb/v7-m/nofp\libc_nano.a
LOAD c:/st/stm32cubeide_1.12.1/stm32cubeide/plugins/com.st.stm32cube.ide.mcu.externaltools.gnu-tools-for-stm32.10.3-2021.10.win32_1.0.200.202301161003/tools/bin/../lib/gcc/arm-none-eabi/10.3.1/../../../../arm-none-eabi/lib/thumb/v7-m/nofp\libm.a
END GROUP
START GROUP
LOAD c:/st/stm32cubeide_1.12.1/stm32cubeide/plugins/com.st.stm32cube.ide.mcu.externaltools.gnu-tools-for-stm32.10.3-2021.10.win32_1.0.200.202301161003/tools/bin/../lib/gcc/arm-none-eabi/10.3.1/thumb/v7-m/nofp\libgcc.a
LOAD c:/st/stm32cubeide_1.12.1/stm32cubeide/plugins/com.st.stm32cube.ide.mcu.externaltools.gnu-tools-for-stm32.10.3-2021.10.win32_1.0.200.202301161003/tools/bin/../lib/gcc/arm-none-eabi/10.3.1/../../../../arm-none-eabi/lib/thumb/v7-m/nofp\libc_nano.a
END GROUP
START GROUP
LOAD c:/st/stm32cubeide_1.12.1/stm32cubeide/plugins/com.st.stm32cube.ide.mcu.externaltools.gnu-tools-for-stm32.10.3-2021.10.win32_1.0.200.202301161003/tools/bin/../lib/gcc/arm-none-eabi/10.3.1/thumb/v7-m/nofp\libgcc.a
LOAD c:/st/stm32cubeide_1.12.1/stm32cubeide/plugins/com.st.stm32cube.ide.mcu.externaltools.gnu-tools-for-stm32.10.3-2021.10.win32_1.0.200.202301161003/tools/bin/../lib/gcc/arm-none-eabi/10.3.1/../../../../arm-none-eabi/lib/thumb/v7-m/nofp\libc_nano.a
LOAD c:/st/stm32cubeide_1.12.1/stm32cubeide/plugins/com.st.stm32cube.ide.mcu.externaltools.gnu-tools-for-stm32.10.3-2021.10.win32_1.0.200.202301161003/tools/bin/../lib/gcc/arm-none-eabi/10.3.1/../../../../arm-none-eabi/lib/thumb/v7-m/nofp\libnosys.a
END GROUP
START GROUP
LOAD c:/st/stm32cubeide_1.12.1/stm32cubeide/plugins/com.st.stm32cube.ide.mcu.externaltools.gnu-tools-for-stm32.10.3-2021.10.win32_1.0.200.202301161003/tools/bin/../lib/gcc/arm-none-eabi/10.3.1/thumb/v7-m/nofp\libgcc.a
LOAD c:/st/stm32cubeide_1.12.1/stm32cubeide/plugins/com.st.stm32cube.ide.mcu.externaltools.gnu-tools-for-stm32.10.3-2021.10.win32_1.0.200.202301161003/tools/bin/../lib/gcc/arm-none-eabi/10.3.1/../../../../arm-none-eabi/lib/thumb/v7-m/nofp\libc_nano.a
LOAD c:/st/stm32cubeide_1.12.1/stm32cubeide/plugins/com.st.stm32cube.ide.mcu.externaltools.gnu-tools-for-stm32.10.3-2021.10.win32_1.0.200.202301161003/tools/bin/../lib/gcc/arm-none-eabi/10.3.1/../../../../arm-none-eabi/lib/thumb/v7-m/nofp\libnosys.a
END GROUP
LOAD c:/st/stm32cubeide_1.12.1/stm32cubeide/plugins/com.st.stm32cube.ide.mcu.externaltools.gnu-tools-for-stm32.10.3-2021.10.win32_1.0.200.202301161003/tools/bin/../lib/gcc/arm-none-eabi/10.3.1/thumb/v7-m/nofp/crtend.o
LOAD c:/st/stm32cubeide_1.12.1/stm32cubeide/plugins/com.st.stm32cube.ide.mcu.externaltools.gnu-tools-for-stm32.10.3-2021.10.win32_1.0.200.202301161003/tools/bin/../lib/gcc/arm-none-eabi/10.3.1/thumb/v7-m/nofp/crtn.o
                0x0000000020005000                _estack = (ORIGIN (RAM) + LENGTH (RAM))
                0x0000000000000200                _Min_Heap_Size = 0x200
                0x0000000000000400                _Min_Stack_Size = 0x400

.isr_vector     0x0000000008000000      0x10c
                0x0000000008000000                . = ALIGN (0x4)
 *(.isr_vector)
 .isr_vector    0x0000000008000000      0x10c ./Core/Startup/startup_stm32f103c8tx.o
                0x0000000008000000                g_pfnVectors
                0x000000000800010c                . = ALIGN (0x4)

.text           0x000000000800010c     0x1b44
                0x000000000800010c                . = ALIGN (0x4)
 *(.text)
 .text          0x000000000800010c       0x40 c:/st/stm32cubeide_1.12.1/stm32cubeide/plugins/com.st.stm32cube.ide.mcu.externaltools.gnu-tools-for-stm32.10.3-2021.10.win32_1.0.200.202301161003/tools/bin/../lib/gcc/arm-none-eabi/10.3.1/thumb/v7-m/nofp/crtbegin.o
 *(.text*)
 .text.main     0x000000000800014c      0x324 ./Core/Src/main.o
                0x000000000800014c                main
 .text.SystemClock_Config
                0x0000000008000470       0x8a ./Core/Src/main.o
                0x0000000008000470                SystemClock_Config
 *fill*         0x00000000080004fa        0x2 
 .text.MX_GPIO_Init
                0x00000000080004fc       0x74 ./Core/Src/main.o
 .text.Error_Handler
                0x0000000008000570        0xa ./Core/Src/main.o
                0x0000000008000570                Error_Handler
 *fill*         0x000000000800057a        0x2 
 .text.HAL_MspInit
                0x000000000800057c       0x64 ./Core/Src/stm32f1xx_hal_msp.o
                0x000000000800057c                HAL_MspInit
 .text.NMI_Handler
                0x00000000080005e0        0x6 ./Core/Src/stm32f1xx_it.o
                0x00000000080005e0                NMI_Handler
 .text.HardFault_Handler
                0x00000000080005e6        0x6 ./Core/Src/stm32f1xx_it.o
                0x00000000080005e6                HardFault_Handler
 .text.MemManage_Handler
                0x00000000080005ec        0x6 ./Core/Src/stm32f1xx_it.o
                0x00000000080005ec                MemManage_Handler
 .text.BusFault_Handler
                0x00000000080005f2        0x6 ./Core/Src/stm32f1xx_it.o
                0x00000000080005f2                BusFault_Handler
 .text.UsageFault_Handler
                0x00000000080005f8        0x6 ./Core/Src/stm32f1xx_it.o
                0x00000000080005f8                UsageFault_Handler
 .text.SVC_Handler
                0x00000000080005fe        0xc ./Core/Src/stm32f1xx_it.o
                0x00000000080005fe                SVC_Handler
 .text.DebugMon_Handler
                0x000000000800060a        0xc ./Core/Src/stm32f1xx_it.o
                0x000000000800060a                DebugMon_Handler
 .text.PendSV_Handler
                0x0000000008000616        0xc ./Core/Src/stm32f1xx_it.o
                0x0000000008000616                PendSV_Handler
 .text.SysTick_Handler
                0x0000000008000622        0xc ./Core/Src/stm32f1xx_it.o
                0x0000000008000622                SysTick_Handler
 .text.SystemInit
                0x000000000800062e        0xc ./Core/Src/system_stm32f1xx.o
                0x000000000800062e                SystemInit
 *fill*         0x000000000800063a        0x2 
 .text.Reset_Handler
                0x000000000800063c       0x48 ./Core/Startup/startup_stm32f103c8tx.o
                0x000000000800063c                Reset_Handler
 .text.Default_Handler
                0x0000000008000684        0x2 ./Core/Startup/startup_stm32f103c8tx.o
                0x0000000008000684                RTC_Alarm_IRQHandler
                0x0000000008000684                EXTI2_IRQHandler
                0x0000000008000684                TIM1_CC_IRQHandler
                0x0000000008000684                PVD_IRQHandler
                0x0000000008000684                EXTI3_IRQHandler
                0x0000000008000684                EXTI0_IRQHandler
                0x0000000008000684                I2C2_EV_IRQHandler
                0x0000000008000684                ADC1_2_IRQHandler
                0x0000000008000684                SPI1_IRQHandler
                0x0000000008000684                TAMPER_IRQHandler
                0x0000000008000684                DMA1_Channel4_IRQHandler
                0x0000000008000684                USART3_IRQHandler
                0x0000000008000684                RTC_IRQHandler
                0x0000000008000684                DMA1_Channel7_IRQHandler
                0x0000000008000684                CAN1_RX1_IRQHandler
                0x0000000008000684                TIM4_IRQHandler
                0x0000000008000684                I2C1_EV_IRQHandler
                0x0000000008000684                DMA1_Channel6_IRQHandler
                0x0000000008000684                TIM3_IRQHandler
                0x0000000008000684                RCC_IRQHandler
                0x0000000008000684                TIM1_TRG_COM_IRQHandler
                0x0000000008000684                DMA1_Channel1_IRQHandler
                0x0000000008000684                Default_Handler
                0x0000000008000684                EXTI15_10_IRQHandler
                0x0000000008000684                EXTI9_5_IRQHandler
                0x0000000008000684                SPI2_IRQHandler
                0x0000000008000684                DMA1_Channel5_IRQHandler
                0x0000000008000684                EXTI4_IRQHandler
                0x0000000008000684                USB_LP_CAN1_RX0_IRQHandler
                0x0000000008000684                USB_HP_CAN1_TX_IRQHandler
                0x0000000008000684                DMA1_Channel3_IRQHandler
                0x0000000008000684                TIM1_UP_IRQHandler
                0x0000000008000684                WWDG_IRQHandler
                0x0000000008000684                TIM2_IRQHandler
                0x0000000008000684                TIM1_BRK_IRQHandler
                0x0000000008000684                EXTI1_IRQHandler
                0x0000000008000684                USART2_IRQHandler
                0x0000000008000684                I2C2_ER_IRQHandler
                0x0000000008000684                DMA1_Channel2_IRQHandler
                0x0000000008000684                CAN1_SCE_IRQHandler
                0x0000000008000684                FLASH_IRQHandler
                0x0000000008000684                USART1_IRQHandler
                0x0000000008000684                I2C1_ER_IRQHandler
                0x0000000008000684                USBWakeUp_IRQHandler
 *fill*         0x0000000008000686        0x2 
 .text.DWT_Delay_Init
                0x0000000008000688       0x60 ./Drivers/ARM_Drivers/Delay_Micros/dwt_stm32_delay.o
                0x0000000008000688                DWT_Delay_Init
 .text.DWT_Delay_us
                0x00000000080006e8       0x48 ./Drivers/Device_Drivers/HD44780_LCD/HD44780_LCD.o
 .text.usDelay  0x0000000008000730       0x1a ./Drivers/Device_Drivers/HD44780_LCD/HD44780_LCD.o
 .text.Write_HalfByte
                0x000000000800074a       0x4a ./Drivers/Device_Drivers/HD44780_LCD/HD44780_LCD.o
 .text.RS_SET   0x0000000008000794       0x24 ./Drivers/Device_Drivers/HD44780_LCD/HD44780_LCD.o
 .text.EN_SET   0x00000000080007b8       0x24 ./Drivers/Device_Drivers/HD44780_LCD/HD44780_LCD.o
 .text.Alcd_Init_GPIO
                0x00000000080007dc       0x6e ./Drivers/Device_Drivers/HD44780_LCD/HD44780_LCD.o
 .text.Alcd_SendByte
                0x000000000800084a       0x72 ./Drivers/Device_Drivers/HD44780_LCD/HD44780_LCD.o
 .text.Alcd_Init
                0x00000000080008bc       0xfe ./Drivers/Device_Drivers/HD44780_LCD/HD44780_LCD.o
                0x00000000080008bc                Alcd_Init
 .text.Alcd_CursorAt
                0x00000000080009ba       0x3a ./Drivers/Device_Drivers/HD44780_LCD/HD44780_LCD.o
                0x00000000080009ba                Alcd_CursorAt
 .text.Alcd_Put_n
                0x00000000080009f4       0x3e ./Drivers/Device_Drivers/HD44780_LCD/HD44780_LCD.o
                0x00000000080009f4                Alcd_Put_n
 .text.Alcd_PutAt_n
                0x0000000008000a32       0x32 ./Drivers/Device_Drivers/HD44780_LCD/HD44780_LCD.o
                0x0000000008000a32                Alcd_PutAt_n
 .text.Alcd_Clear
                0x0000000008000a64       0x22 ./Drivers/Device_Drivers/HD44780_LCD/HD44780_LCD.o
                0x0000000008000a64                Alcd_Clear
 .text.Alcd_Display_Control
                0x0000000008000a86       0x86 ./Drivers/Device_Drivers/HD44780_LCD/HD44780_LCD.o
                0x0000000008000a86                Alcd_Display_Control
 .text.Str_Len  0x0000000008000b0c       0x2c ./Drivers/Device_Drivers/HD44780_LCD/HD44780_LCD.o
                0x0000000008000b0c                Str_Len
 .text.Hardware_intialize
                0x0000000008000b38       0xca ./Drivers/Device_Drivers/Matrix_Keypad/Matrix_Keypad.o
 .text.Hardware_Generate_Delay
                0x0000000008000c02       0x1a ./Drivers/Device_Drivers/Matrix_Keypad/Matrix_Keypad.o
 .text.Hardware_Get_Inputs
                0x0000000008000c1c       0x30 ./Drivers/Device_Drivers/Matrix_Keypad/Matrix_Keypad.o
 .text.Hardware_Set_outputs
                0x0000000008000c4c       0x42 ./Drivers/Device_Drivers/Matrix_Keypad/Matrix_Keypad.o
 .text.Keypad_Matrix_Init
                0x0000000008000c8e       0x1e ./Drivers/Device_Drivers/Matrix_Keypad/Matrix_Keypad.o
                0x0000000008000c8e                Keypad_Matrix_Init
 .text.Keypad_Matrix_Refresh
                0x0000000008000cac       0x70 ./Drivers/Device_Drivers/Matrix_Keypad/Matrix_Keypad.o
                0x0000000008000cac                Keypad_Matrix_Refresh
 .text.Keypad_Matrix_Read_Key
                0x0000000008000d1c       0x30 ./Drivers/Device_Drivers/Matrix_Keypad/Matrix_Keypad.o
                0x0000000008000d1c                Keypad_Matrix_Read_Key
 .text.HAL_Init
                0x0000000008000d4c       0x2c ./Drivers/STM32F1xx_HAL_Driver/Src/stm32f1xx_hal.o
                0x0000000008000d4c                HAL_Init
 .text.HAL_InitTick
                0x0000000008000d78       0x60 ./Drivers/STM32F1xx_HAL_Driver/Src/stm32f1xx_hal.o
                0x0000000008000d78                HAL_InitTick
 .text.HAL_IncTick
                0x0000000008000dd8       0x24 ./Drivers/STM32F1xx_HAL_Driver/Src/stm32f1xx_hal.o
                0x0000000008000dd8                HAL_IncTick
 .text.HAL_GetTick
                0x0000000008000dfc       0x14 ./Drivers/STM32F1xx_HAL_Driver/Src/stm32f1xx_hal.o
                0x0000000008000dfc                HAL_GetTick
 .text.HAL_Delay
                0x0000000008000e10       0x48 ./Drivers/STM32F1xx_HAL_Driver/Src/stm32f1xx_hal.o
                0x0000000008000e10                HAL_Delay
 .text.__NVIC_SetPriorityGrouping
                0x0000000008000e58       0x48 ./Drivers/STM32F1xx_HAL_Driver/Src/stm32f1xx_hal_cortex.o
 .text.__NVIC_GetPriorityGrouping
                0x0000000008000ea0       0x1c ./Drivers/STM32F1xx_HAL_Driver/Src/stm32f1xx_hal_cortex.o
 .text.__NVIC_SetPriority
                0x0000000008000ebc       0x54 ./Drivers/STM32F1xx_HAL_Driver/Src/stm32f1xx_hal_cortex.o
 .text.NVIC_EncodePriority
                0x0000000008000f10       0x64 ./Drivers/STM32F1xx_HAL_Driver/Src/stm32f1xx_hal_cortex.o
 .text.SysTick_Config
                0x0000000008000f74       0x44 ./Drivers/STM32F1xx_HAL_Driver/Src/stm32f1xx_hal_cortex.o
 .text.HAL_NVIC_SetPriorityGrouping
                0x0000000008000fb8       0x16 ./Drivers/STM32F1xx_HAL_Driver/Src/stm32f1xx_hal_cortex.o
                0x0000000008000fb8                HAL_NVIC_SetPriorityGrouping
 .text.HAL_NVIC_SetPriority
                0x0000000008000fce       0x38 ./Drivers/STM32F1xx_HAL_Driver/Src/stm32f1xx_hal_cortex.o
                0x0000000008000fce                HAL_NVIC_SetPriority
 .text.HAL_SYSTICK_Config
                0x0000000008001006       0x18 ./Drivers/STM32F1xx_HAL_Driver/Src/stm32f1xx_hal_cortex.o
                0x0000000008001006                HAL_SYSTICK_Config
 *fill*         0x000000000800101e        0x2 
 .text.HAL_GPIO_Init
                0x0000000008001020      0x308 ./Drivers/STM32F1xx_HAL_Driver/Src/stm32f1xx_hal_gpio.o
                0x0000000008001020                HAL_GPIO_Init
 .text.HAL_GPIO_WritePin
                0x0000000008001328       0x30 ./Drivers/STM32F1xx_HAL_Driver/Src/stm32f1xx_hal_gpio.o
                0x0000000008001328                HAL_GPIO_WritePin
 .text.HAL_RCC_OscConfig
                0x0000000008001358      0x504 ./Drivers/STM32F1xx_HAL_Driver/Src/stm32f1xx_hal_rcc.o
                0x0000000008001358                HAL_RCC_OscConfig
 .text.HAL_RCC_ClockConfig
                0x000000000800185c      0x1d4 ./Drivers/STM32F1xx_HAL_Driver/Src/stm32f1xx_hal_rcc.o
                0x000000000800185c                HAL_RCC_ClockConfig
 .text.HAL_RCC_GetSysClockFreq
                0x0000000008001a30       0xa8 ./Drivers/STM32F1xx_HAL_Driver/Src/stm32f1xx_hal_rcc.o
                0x0000000008001a30                HAL_RCC_GetSysClockFreq
 .text.HAL_RCC_GetHCLKFreq
                0x0000000008001ad8       0x14 ./Drivers/STM32F1xx_HAL_Driver/Src/stm32f1xx_hal_rcc.o
                0x0000000008001ad8                HAL_RCC_GetHCLKFreq
 .text.RCC_Delay
                0x0000000008001aec       0x3c ./Drivers/STM32F1xx_HAL_Driver/Src/stm32f1xx_hal_rcc.o
 .text.__libc_init_array
                0x0000000008001b28       0x48 c:/st/stm32cubeide_1.12.1/stm32cubeide/plugins/com.st.stm32cube.ide.mcu.externaltools.gnu-tools-for-stm32.10.3-2021.10.win32_1.0.200.202301161003/tools/bin/../lib/gcc/arm-none-eabi/10.3.1/../../../../arm-none-eabi/lib/thumb/v7-m/nofp\libc_nano.a(lib_a-init.o)
                0x0000000008001b28                __libc_init_array
 .text.__itoa   0x0000000008001b70       0x30 c:/st/stm32cubeide_1.12.1/stm32cubeide/plugins/com.st.stm32cube.ide.mcu.externaltools.gnu-tools-for-stm32.10.3-2021.10.win32_1.0.200.202301161003/tools/bin/../lib/gcc/arm-none-eabi/10.3.1/../../../../arm-none-eabi/lib/thumb/v7-m/nofp\libc_nano.a(lib_a-itoa.o)
                0x0000000008001b70                __itoa
 .text.itoa     0x0000000008001ba0        0x4 c:/st/stm32cubeide_1.12.1/stm32cubeide/plugins/com.st.stm32cube.ide.mcu.externaltools.gnu-tools-for-stm32.10.3-2021.10.win32_1.0.200.202301161003/tools/bin/../lib/gcc/arm-none-eabi/10.3.1/../../../../arm-none-eabi/lib/thumb/v7-m/nofp\libc_nano.a(lib_a-itoa.o)
                0x0000000008001ba0                itoa
 .text.memset   0x0000000008001ba4       0x10 c:/st/stm32cubeide_1.12.1/stm32cubeide/plugins/com.st.stm32cube.ide.mcu.externaltools.gnu-tools-for-stm32.10.3-2021.10.win32_1.0.200.202301161003/tools/bin/../lib/gcc/arm-none-eabi/10.3.1/../../../../arm-none-eabi/lib/thumb/v7-m/nofp\libc_nano.a(lib_a-memset.o)
                0x0000000008001ba4                memset
 .text.__utoa   0x0000000008001bb4       0x84 c:/st/stm32cubeide_1.12.1/stm32cubeide/plugins/com.st.stm32cube.ide.mcu.externaltools.gnu-tools-for-stm32.10.3-2021.10.win32_1.0.200.202301161003/tools/bin/../lib/gcc/arm-none-eabi/10.3.1/../../../../arm-none-eabi/lib/thumb/v7-m/nofp\libc_nano.a(lib_a-utoa.o)
                0x0000000008001bb4                __utoa
 *(.glue_7)
 .glue_7        0x0000000008001c38        0x0 linker stubs
 *(.glue_7t)
 .glue_7t       0x0000000008001c38        0x0 linker stubs
 *(.eh_frame)
 .eh_frame      0x0000000008001c38        0x0 c:/st/stm32cubeide_1.12.1/stm32cubeide/plugins/com.st.stm32cube.ide.mcu.externaltools.gnu-tools-for-stm32.10.3-2021.10.win32_1.0.200.202301161003/tools/bin/../lib/gcc/arm-none-eabi/10.3.1/thumb/v7-m/nofp/crtbegin.o
 *(.init)
 .init          0x0000000008001c38        0x4 c:/st/stm32cubeide_1.12.1/stm32cubeide/plugins/com.st.stm32cube.ide.mcu.externaltools.gnu-tools-for-stm32.10.3-2021.10.win32_1.0.200.202301161003/tools/bin/../lib/gcc/arm-none-eabi/10.3.1/thumb/v7-m/nofp/crti.o
                0x0000000008001c38                _init
 .init          0x0000000008001c3c        0x8 c:/st/stm32cubeide_1.12.1/stm32cubeide/plugins/com.st.stm32cube.ide.mcu.externaltools.gnu-tools-for-stm32.10.3-2021.10.win32_1.0.200.202301161003/tools/bin/../lib/gcc/arm-none-eabi/10.3.1/thumb/v7-m/nofp/crtn.o
 *(.fini)
 .fini          0x0000000008001c44        0x4 c:/st/stm32cubeide_1.12.1/stm32cubeide/plugins/com.st.stm32cube.ide.mcu.externaltools.gnu-tools-for-stm32.10.3-2021.10.win32_1.0.200.202301161003/tools/bin/../lib/gcc/arm-none-eabi/10.3.1/thumb/v7-m/nofp/crti.o
                0x0000000008001c44                _fini
 .fini          0x0000000008001c48        0x8 c:/st/stm32cubeide_1.12.1/stm32cubeide/plugins/com.st.stm32cube.ide.mcu.externaltools.gnu-tools-for-stm32.10.3-2021.10.win32_1.0.200.202301161003/tools/bin/../lib/gcc/arm-none-eabi/10.3.1/thumb/v7-m/nofp/crtn.o
                0x0000000008001c50                . = ALIGN (0x4)
                0x0000000008001c50                _etext = .

.vfp11_veneer   0x0000000008001c50        0x0
 .vfp11_veneer  0x0000000008001c50        0x0 linker stubs

.v4_bx          0x0000000008001c50        0x0
 .v4_bx         0x0000000008001c50        0x0 linker stubs

.iplt           0x0000000008001c50        0x0
 .iplt          0x0000000008001c50        0x0 c:/st/stm32cubeide_1.12.1/stm32cubeide/plugins/com.st.stm32cube.ide.mcu.externaltools.gnu-tools-for-stm32.10.3-2021.10.win32_1.0.200.202301161003/tools/bin/../lib/gcc/arm-none-eabi/10.3.1/thumb/v7-m/nofp/crtbegin.o

.rodata         0x0000000008001c50       0x7c
                0x0000000008001c50                . = ALIGN (0x4)
 *(.rodata)
 .rodata        0x0000000008001c50       0x32 ./Core/Src/main.o
 *(.rodata*)
 *fill*         0x0000000008001c82        0x2 
 .rodata.AHBPrescTable
                0x0000000008001c84       0x10 ./Core/Src/system_stm32f1xx.o
                0x0000000008001c84                AHBPrescTable
 .rodata.aPLLMULFactorTable.1
                0x0000000008001c94       0x10 ./Drivers/STM32F1xx_HAL_Driver/Src/stm32f1xx_hal_rcc.o
 .rodata.aPredivFactorTable.0
                0x0000000008001ca4        0x2 ./Drivers/STM32F1xx_HAL_Driver/Src/stm32f1xx_hal_rcc.o
 .rodata.__utoa.str1.1
                0x0000000008001ca6       0x25 c:/st/stm32cubeide_1.12.1/stm32cubeide/plugins/com.st.stm32cube.ide.mcu.externaltools.gnu-tools-for-stm32.10.3-2021.10.win32_1.0.200.202301161003/tools/bin/../lib/gcc/arm-none-eabi/10.3.1/../../../../arm-none-eabi/lib/thumb/v7-m/nofp\libc_nano.a(lib_a-utoa.o)
                0x0000000008001ccc                . = ALIGN (0x4)
 *fill*         0x0000000008001ccb        0x1 

.rel.dyn        0x0000000008001ccc        0x0
 .rel.iplt      0x0000000008001ccc        0x0 c:/st/stm32cubeide_1.12.1/stm32cubeide/plugins/com.st.stm32cube.ide.mcu.externaltools.gnu-tools-for-stm32.10.3-2021.10.win32_1.0.200.202301161003/tools/bin/../lib/gcc/arm-none-eabi/10.3.1/thumb/v7-m/nofp/crtbegin.o

.ARM.extab      0x0000000008001ccc        0x0
                0x0000000008001ccc                . = ALIGN (0x4)
 *(.ARM.extab* .gnu.linkonce.armextab.*)
                0x0000000008001ccc                . = ALIGN (0x4)

.ARM            0x0000000008001ccc        0x0
                0x0000000008001ccc                . = ALIGN (0x4)
                0x0000000008001ccc                __exidx_start = .
 *(.ARM.exidx*)
                0x0000000008001ccc                __exidx_end = .
                0x0000000008001ccc                . = ALIGN (0x4)

.preinit_array  0x0000000008001ccc        0x0
                0x0000000008001ccc                . = ALIGN (0x4)
                0x0000000008001ccc                PROVIDE (__preinit_array_start = .)
 *(.preinit_array*)
                0x0000000008001ccc                PROVIDE (__preinit_array_end = .)
                0x0000000008001ccc                . = ALIGN (0x4)

.init_array     0x0000000008001ccc        0x4
                0x0000000008001ccc                . = ALIGN (0x4)
                0x0000000008001ccc                PROVIDE (__init_array_start = .)
 *(SORT_BY_NAME(.init_array.*))
 *(.init_array*)
 .init_array    0x0000000008001ccc        0x4 c:/st/stm32cubeide_1.12.1/stm32cubeide/plugins/com.st.stm32cube.ide.mcu.externaltools.gnu-tools-for-stm32.10.3-2021.10.win32_1.0.200.202301161003/tools/bin/../lib/gcc/arm-none-eabi/10.3.1/thumb/v7-m/nofp/crtbegin.o
                0x0000000008001cd0                PROVIDE (__init_array_end = .)
                0x0000000008001cd0                . = ALIGN (0x4)

.fini_array     0x0000000008001cd0        0x4
                0x0000000008001cd0                . = ALIGN (0x4)
                [!provide]                        PROVIDE (__fini_array_start = .)
 *(SORT_BY_NAME(.fini_array.*))
 *(.fini_array*)
 .fini_array    0x0000000008001cd0        0x4 c:/st/stm32cubeide_1.12.1/stm32cubeide/plugins/com.st.stm32cube.ide.mcu.externaltools.gnu-tools-for-stm32.10.3-2021.10.win32_1.0.200.202301161003/tools/bin/../lib/gcc/arm-none-eabi/10.3.1/thumb/v7-m/nofp/crtbegin.o
                [!provide]                        PROVIDE (__fini_array_end = .)
                0x0000000008001cd4                . = ALIGN (0x4)
                0x0000000008001cd4                _sidata = LOADADDR (.data)

.data           0x0000000020000000       0x28 load address 0x0000000008001cd4
                0x0000000020000000                . = ALIGN (0x4)
                0x0000000020000000                _sdata = .
 *(.data)
 *(.data*)
 .data.key      0x0000000020000000       0x1c ./Core/Src/main.o
                0x0000000020000000                key
 .data.SystemCoreClock
                0x000000002000001c        0x4 ./Core/Src/system_stm32f1xx.o
                0x000000002000001c                SystemCoreClock
 .data.uwTickPrio
                0x0000000020000020        0x4 ./Drivers/STM32F1xx_HAL_Driver/Src/stm32f1xx_hal.o
                0x0000000020000020                uwTickPrio
 .data.uwTickFreq
                0x0000000020000024        0x1 ./Drivers/STM32F1xx_HAL_Driver/Src/stm32f1xx_hal.o
                0x0000000020000024                uwTickFreq
 *(.RamFunc)
 *(.RamFunc*)
                0x0000000020000028                . = ALIGN (0x4)
 *fill*         0x0000000020000025        0x3 
                0x0000000020000028                _edata = .

.igot.plt       0x0000000020000028        0x0 load address 0x0000000008001cfc
 .igot.plt      0x0000000020000028        0x0 c:/st/stm32cubeide_1.12.1/stm32cubeide/plugins/com.st.stm32cube.ide.mcu.externaltools.gnu-tools-for-stm32.10.3-2021.10.win32_1.0.200.202301161003/tools/bin/../lib/gcc/arm-none-eabi/10.3.1/thumb/v7-m/nofp/crtbegin.o
                0x0000000020000028                . = ALIGN (0x4)

.bss            0x0000000020000028       0x20 load address 0x0000000008001cfc
                0x0000000020000028                _sbss = .
                0x0000000020000028                __bss_start__ = _sbss
 *(.bss)
 .bss           0x0000000020000028       0x1c c:/st/stm32cubeide_1.12.1/stm32cubeide/plugins/com.st.stm32cube.ide.mcu.externaltools.gnu-tools-for-stm32.10.3-2021.10.win32_1.0.200.202301161003/tools/bin/../lib/gcc/arm-none-eabi/10.3.1/thumb/v7-m/nofp/crtbegin.o
 *(.bss*)
 .bss.uwTick    0x0000000020000044        0x4 ./Drivers/STM32F1xx_HAL_Driver/Src/stm32f1xx_hal.o
                0x0000000020000044                uwTick
 *(COMMON)
                0x0000000020000048                . = ALIGN (0x4)
                0x0000000020000048                _ebss = .
                0x0000000020000048                __bss_end__ = _ebss

._user_heap_stack
                0x0000000020000048      0x600 load address 0x0000000008001cfc
                0x0000000020000048                . = ALIGN (0x8)
                [!provide]                        PROVIDE (end = .)
                0x0000000020000048                PROVIDE (_end = .)
                0x0000000020000248                . = (. + _Min_Heap_Size)
 *fill*         0x0000000020000048      0x200 
                0x0000000020000648                . = (. + _Min_Stack_Size)
 *fill*         0x0000000020000248      0x400 
                0x0000000020000648                . = ALIGN (0x8)

/DISCARD/
 libc.a(*)
 libm.a(*)
 libgcc.a(*)

.ARM.attributes
                0x0000000000000000       0x29
 *(.ARM.attributes)
 .ARM.attributes
                0x0000000000000000       0x1d c:/st/stm32cubeide_1.12.1/stm32cubeide/plugins/com.st.stm32cube.ide.mcu.externaltools.gnu-tools-for-stm32.10.3-2021.10.win32_1.0.200.202301161003/tools/bin/../lib/gcc/arm-none-eabi/10.3.1/thumb/v7-m/nofp/crti.o
 .ARM.attributes
                0x000000000000001d       0x2d c:/st/stm32cubeide_1.12.1/stm32cubeide/plugins/com.st.stm32cube.ide.mcu.externaltools.gnu-tools-for-stm32.10.3-2021.10.win32_1.0.200.202301161003/tools/bin/../lib/gcc/arm-none-eabi/10.3.1/thumb/v7-m/nofp/crtbegin.o
 .ARM.attributes
                0x000000000000004a       0x2d ./Core/Src/main.o
 .ARM.attributes
                0x0000000000000077       0x2d ./Core/Src/stm32f1xx_hal_msp.o
 .ARM.attributes
                0x00000000000000a4       0x2d ./Core/Src/stm32f1xx_it.o
 .ARM.attributes
                0x00000000000000d1       0x2d ./Core/Src/system_stm32f1xx.o
 .ARM.attributes
                0x00000000000000fe       0x21 ./Core/Startup/startup_stm32f103c8tx.o
 .ARM.attributes
                0x000000000000011f       0x2d ./Drivers/ARM_Drivers/Delay_Micros/dwt_stm32_delay.o
 .ARM.attributes
                0x000000000000014c       0x2d ./Drivers/Device_Drivers/HD44780_LCD/HD44780_LCD.o
 .ARM.attributes
                0x0000000000000179       0x2d ./Drivers/Device_Drivers/Matrix_Keypad/Matrix_Keypad.o
 .ARM.attributes
                0x00000000000001a6       0x2d ./Drivers/STM32F1xx_HAL_Driver/Src/stm32f1xx_hal.o
 .ARM.attributes
                0x00000000000001d3       0x2d ./Drivers/STM32F1xx_HAL_Driver/Src/stm32f1xx_hal_cortex.o
 .ARM.attributes
                0x0000000000000200       0x2d ./Drivers/STM32F1xx_HAL_Driver/Src/stm32f1xx_hal_gpio.o
 .ARM.attributes
                0x000000000000022d       0x2d ./Drivers/STM32F1xx_HAL_Driver/Src/stm32f1xx_hal_rcc.o
 .ARM.attributes
                0x000000000000025a       0x2d c:/st/stm32cubeide_1.12.1/stm32cubeide/plugins/com.st.stm32cube.ide.mcu.externaltools.gnu-tools-for-stm32.10.3-2021.10.win32_1.0.200.202301161003/tools/bin/../lib/gcc/arm-none-eabi/10.3.1/../../../../arm-none-eabi/lib/thumb/v7-m/nofp\libc_nano.a(lib_a-init.o)
 .ARM.attributes
                0x0000000000000287       0x2d c:/st/stm32cubeide_1.12.1/stm32cubeide/plugins/com.st.stm32cube.ide.mcu.externaltools.gnu-tools-for-stm32.10.3-2021.10.win32_1.0.200.202301161003/tools/bin/../lib/gcc/arm-none-eabi/10.3.1/../../../../arm-none-eabi/lib/thumb/v7-m/nofp\libc_nano.a(lib_a-itoa.o)
 .ARM.attributes
                0x00000000000002b4       0x2d c:/st/stm32cubeide_1.12.1/stm32cubeide/plugins/com.st.stm32cube.ide.mcu.externaltools.gnu-tools-for-stm32.10.3-2021.10.win32_1.0.200.202301161003/tools/bin/../lib/gcc/arm-none-eabi/10.3.1/../../../../arm-none-eabi/lib/thumb/v7-m/nofp\libc_nano.a(lib_a-memset.o)
 .ARM.attributes
                0x00000000000002e1       0x2d c:/st/stm32cubeide_1.12.1/stm32cubeide/plugins/com.st.stm32cube.ide.mcu.externaltools.gnu-tools-for-stm32.10.3-2021.10.win32_1.0.200.202301161003/tools/bin/../lib/gcc/arm-none-eabi/10.3.1/../../../../arm-none-eabi/lib/thumb/v7-m/nofp\libc_nano.a(lib_a-utoa.o)
 .ARM.attributes
                0x000000000000030e       0x1d c:/st/stm32cubeide_1.12.1/stm32cubeide/plugins/com.st.stm32cube.ide.mcu.externaltools.gnu-tools-for-stm32.10.3-2021.10.win32_1.0.200.202301161003/tools/bin/../lib/gcc/arm-none-eabi/10.3.1/thumb/v7-m/nofp/crtn.o
OUTPUT(1stproject.elf elf32-littlearm)
LOAD linker stubs
LOAD c:/st/stm32cubeide_1.12.1/stm32cubeide/plugins/com.st.stm32cube.ide.mcu.externaltools.gnu-tools-for-stm32.10.3-2021.10.win32_1.0.200.202301161003/tools/bin/../lib/gcc/arm-none-eabi/10.3.1/../../../../arm-none-eabi/lib/thumb/v7-m/nofp\libc.a
LOAD c:/st/stm32cubeide_1.12.1/stm32cubeide/plugins/com.st.stm32cube.ide.mcu.externaltools.gnu-tools-for-stm32.10.3-2021.10.win32_1.0.200.202301161003/tools/bin/../lib/gcc/arm-none-eabi/10.3.1/../../../../arm-none-eabi/lib/thumb/v7-m/nofp\libm.a
LOAD c:/st/stm32cubeide_1.12.1/stm32cubeide/plugins/com.st.stm32cube.ide.mcu.externaltools.gnu-tools-for-stm32.10.3-2021.10.win32_1.0.200.202301161003/tools/bin/../lib/gcc/arm-none-eabi/10.3.1/thumb/v7-m/nofp\libgcc.a

.debug_info     0x0000000000000000     0x3ca4
 .debug_info    0x0000000000000000      0x785 ./Core/Src/main.o
 .debug_info    0x0000000000000785      0x217 ./Core/Src/stm32f1xx_hal_msp.o
 .debug_info    0x000000000000099c      0x129 ./Core/Src/stm32f1xx_it.o
 .debug_info    0x0000000000000ac5      0x23d ./Core/Src/system_stm32f1xx.o
 .debug_info    0x0000000000000d02       0x22 ./Core/Startup/startup_stm32f103c8tx.o
 .debug_info    0x0000000000000d24      0x269 ./Drivers/ARM_Drivers/Delay_Micros/dwt_stm32_delay.o
 .debug_info    0x0000000000000f8d      0x858 ./Drivers/Device_Drivers/HD44780_LCD/HD44780_LCD.o
 .debug_info    0x00000000000017e5      0x3f1 ./Drivers/Device_Drivers/Matrix_Keypad/Matrix_Keypad.o
 .debug_info    0x0000000000001bd6      0x734 ./Drivers/STM32F1xx_HAL_Driver/Src/stm32f1xx_hal.o
 .debug_info    0x000000000000230a      0xb20 ./Drivers/STM32F1xx_HAL_Driver/Src/stm32f1xx_hal_cortex.o
 .debug_info    0x0000000000002e2a      0x615 ./Drivers/STM32F1xx_HAL_Driver/Src/stm32f1xx_hal_gpio.o
 .debug_info    0x000000000000343f      0x865 ./Drivers/STM32F1xx_HAL_Driver/Src/stm32f1xx_hal_rcc.o

.debug_abbrev   0x0000000000000000     0x12f8
 .debug_abbrev  0x0000000000000000      0x25c ./Core/Src/main.o
 .debug_abbrev  0x000000000000025c       0xd4 ./Core/Src/stm32f1xx_hal_msp.o
 .debug_abbrev  0x0000000000000330       0x74 ./Core/Src/stm32f1xx_it.o
 .debug_abbrev  0x00000000000003a4      0x13b ./Core/Src/system_stm32f1xx.o
 .debug_abbrev  0x00000000000004df       0x12 ./Core/Startup/startup_stm32f103c8tx.o
 .debug_abbrev  0x00000000000004f1       0xa7 ./Drivers/ARM_Drivers/Delay_Micros/dwt_stm32_delay.o
 .debug_abbrev  0x0000000000000598      0x21c ./Drivers/Device_Drivers/HD44780_LCD/HD44780_LCD.o
 .debug_abbrev  0x00000000000007b4      0x1f9 ./Drivers/Device_Drivers/Matrix_Keypad/Matrix_Keypad.o
 .debug_abbrev  0x00000000000009ad      0x1fb ./Drivers/STM32F1xx_HAL_Driver/Src/stm32f1xx_hal.o
 .debug_abbrev  0x0000000000000ba8      0x2ed ./Drivers/STM32F1xx_HAL_Driver/Src/stm32f1xx_hal_cortex.o
 .debug_abbrev  0x0000000000000e95      0x1bb ./Drivers/STM32F1xx_HAL_Driver/Src/stm32f1xx_hal_gpio.o
 .debug_abbrev  0x0000000000001050      0x2a8 ./Drivers/STM32F1xx_HAL_Driver/Src/stm32f1xx_hal_rcc.o

.debug_aranges  0x0000000000000000      0x4e0
 .debug_aranges
                0x0000000000000000       0x38 ./Core/Src/main.o
 .debug_aranges
                0x0000000000000038       0x20 ./Core/Src/stm32f1xx_hal_msp.o
 .debug_aranges
                0x0000000000000058       0x60 ./Core/Src/stm32f1xx_it.o
 .debug_aranges
                0x00000000000000b8       0x28 ./Core/Src/system_stm32f1xx.o
 .debug_aranges
                0x00000000000000e0       0x28 ./Core/Startup/startup_stm32f103c8tx.o
 .debug_aranges
                0x0000000000000108       0x20 ./Drivers/ARM_Drivers/Delay_Micros/dwt_stm32_delay.o
 .debug_aranges
                0x0000000000000128       0xa0 ./Drivers/Device_Drivers/HD44780_LCD/HD44780_LCD.o
 .debug_aranges
                0x00000000000001c8       0x50 ./Drivers/Device_Drivers/Matrix_Keypad/Matrix_Keypad.o
 .debug_aranges
                0x0000000000000218       0xe0 ./Drivers/STM32F1xx_HAL_Driver/Src/stm32f1xx_hal.o
 .debug_aranges
                0x00000000000002f8      0x100 ./Drivers/STM32F1xx_HAL_Driver/Src/stm32f1xx_hal_cortex.o
 .debug_aranges
                0x00000000000003f8       0x58 ./Drivers/STM32F1xx_HAL_Driver/Src/stm32f1xx_hal_gpio.o
 .debug_aranges
                0x0000000000000450       0x90 ./Drivers/STM32F1xx_HAL_Driver/Src/stm32f1xx_hal_rcc.o

.debug_ranges   0x0000000000000000      0x428
 .debug_ranges  0x0000000000000000       0x28 ./Core/Src/main.o
 .debug_ranges  0x0000000000000028       0x10 ./Core/Src/stm32f1xx_hal_msp.o
 .debug_ranges  0x0000000000000038       0x50 ./Core/Src/stm32f1xx_it.o
 .debug_ranges  0x0000000000000088       0x18 ./Core/Src/system_stm32f1xx.o
 .debug_ranges  0x00000000000000a0       0x20 ./Core/Startup/startup_stm32f103c8tx.o
 .debug_ranges  0x00000000000000c0       0x10 ./Drivers/ARM_Drivers/Delay_Micros/dwt_stm32_delay.o
 .debug_ranges  0x00000000000000d0       0x90 ./Drivers/Device_Drivers/HD44780_LCD/HD44780_LCD.o
 .debug_ranges  0x0000000000000160       0x40 ./Drivers/Device_Drivers/Matrix_Keypad/Matrix_Keypad.o
 .debug_ranges  0x00000000000001a0       0xd0 ./Drivers/STM32F1xx_HAL_Driver/Src/stm32f1xx_hal.o
 .debug_ranges  0x0000000000000270       0xf0 ./Drivers/STM32F1xx_HAL_Driver/Src/stm32f1xx_hal_cortex.o
 .debug_ranges  0x0000000000000360       0x48 ./Drivers/STM32F1xx_HAL_Driver/Src/stm32f1xx_hal_gpio.o
 .debug_ranges  0x00000000000003a8       0x80 ./Drivers/STM32F1xx_HAL_Driver/Src/stm32f1xx_hal_rcc.o

.debug_macro    0x0000000000000000    0x17209
 .debug_macro   0x0000000000000000      0x36e ./Core/Src/main.o
 .debug_macro   0x000000000000036e      0xa6c ./Core/Src/main.o
 .debug_macro   0x0000000000000dda      0x20f ./Core/Src/main.o
 .debug_macro   0x0000000000000fe9       0x2e ./Core/Src/main.o
 .debug_macro   0x0000000000001017       0x22 ./Core/Src/main.o
 .debug_macro   0x0000000000001039       0x22 ./Core/Src/main.o
 .debug_macro   0x000000000000105b       0x8e ./Core/Src/main.o
 .debug_macro   0x00000000000010e9       0x51 ./Core/Src/main.o
 .debug_macro   0x000000000000113a      0x103 ./Core/Src/main.o
 .debug_macro   0x000000000000123d       0x6a ./Core/Src/main.o
 .debug_macro   0x00000000000012a7      0x1df ./Core/Src/main.o
 .debug_macro   0x0000000000001486       0x1c ./Core/Src/main.o
 .debug_macro   0x00000000000014a2       0x22 ./Core/Src/main.o
 .debug_macro   0x00000000000014c4       0xbd ./Core/Src/main.o
 .debug_macro   0x0000000000001581      0xd23 ./Core/Src/main.o
 .debug_macro   0x00000000000022a4     0xe09e ./Core/Src/main.o
 .debug_macro   0x0000000000010342       0x6d ./Core/Src/main.o
 .debug_macro   0x00000000000103af     0x348d ./Core/Src/main.o
 .debug_macro   0x000000000001383c      0x174 ./Core/Src/main.o
 .debug_macro   0x00000000000139b0       0x5c ./Core/Src/main.o
 .debug_macro   0x0000000000013a0c      0x5bc ./Core/Src/main.o
 .debug_macro   0x0000000000013fc8      0x289 ./Core/Src/main.o
 .debug_macro   0x0000000000014251      0x1cb ./Core/Src/main.o
 .debug_macro   0x000000000001441c      0x114 ./Core/Src/main.o
 .debug_macro   0x0000000000014530      0x1b2 ./Core/Src/main.o
 .debug_macro   0x00000000000146e2       0x27 ./Core/Src/main.o
 .debug_macro   0x0000000000014709      0x136 ./Core/Src/main.o
 .debug_macro   0x000000000001483f      0x1bc ./Core/Src/main.o
 .debug_macro   0x00000000000149fb       0x34 ./Core/Src/main.o
 .debug_macro   0x0000000000014a2f       0x3c ./Core/Src/main.o
 .debug_macro   0x0000000000014a6b       0x57 ./Core/Src/main.o
 .debug_macro   0x0000000000014ac2       0x87 ./Core/Src/main.o
 .debug_macro   0x0000000000014b49      0x240 ./Core/Src/main.o
 .debug_macro   0x0000000000014d89      0x140 ./Core/Src/main.o
 .debug_macro   0x0000000000014ec9       0x83 ./Core/Src/main.o
 .debug_macro   0x0000000000014f4c       0x18 ./Core/Src/main.o
 .debug_macro   0x0000000000014f64       0x52 ./Core/Src/main.o
 .debug_macro   0x0000000000014fb6       0x3c ./Core/Src/main.o
 .debug_macro   0x0000000000014ff2       0x34 ./Core/Src/main.o
 .debug_macro   0x0000000000015026       0x16 ./Core/Src/main.o
 .debug_macro   0x000000000001503c       0x35 ./Core/Src/main.o
 .debug_macro   0x0000000000015071       0x16 ./Core/Src/main.o
 .debug_macro   0x0000000000015087       0x43 ./Core/Src/main.o
 .debug_macro   0x00000000000150ca       0x34 ./Core/Src/main.o
 .debug_macro   0x00000000000150fe       0x10 ./Core/Src/main.o
 .debug_macro   0x000000000001510e       0x58 ./Core/Src/main.o
 .debug_macro   0x0000000000015166       0x71 ./Core/Src/main.o
 .debug_macro   0x00000000000151d7       0x1c ./Core/Src/main.o
 .debug_macro   0x00000000000151f3      0x12a ./Core/Src/main.o
 .debug_macro   0x000000000001531d      0x341 ./Core/Src/main.o
 .debug_macro   0x000000000001565e       0x16 ./Core/Src/main.o
 .debug_macro   0x0000000000015674       0x29 ./Core/Src/main.o
 .debug_macro   0x000000000001569d       0x16 ./Core/Src/main.o
 .debug_macro   0x00000000000156b3       0x20 ./Core/Src/main.o
 .debug_macro   0x00000000000156d3       0x28 ./Core/Src/main.o
 .debug_macro   0x00000000000156fb       0x1c ./Core/Src/main.o
 .debug_macro   0x0000000000015717       0x10 ./Core/Src/main.o
 .debug_macro   0x0000000000015727       0x10 ./Core/Src/main.o
 .debug_macro   0x0000000000015737       0x1c ./Core/Src/main.o
 .debug_macro   0x0000000000015753       0x52 ./Core/Src/main.o
 .debug_macro   0x00000000000157a5       0x22 ./Core/Src/main.o
 .debug_macro   0x00000000000157c7       0x10 ./Core/Src/main.o
 .debug_macro   0x00000000000157d7       0x52 ./Core/Src/main.o
 .debug_macro   0x0000000000015829       0xd5 ./Core/Src/main.o
 .debug_macro   0x00000000000158fe       0x1c ./Core/Src/main.o
 .debug_macro   0x000000000001591a       0x3d ./Core/Src/main.o
 .debug_macro   0x0000000000015957       0x16 ./Core/Src/main.o
 .debug_macro   0x000000000001596d      0x145 ./Core/Src/main.o
 .debug_macro   0x0000000000015ab2      0x36e ./Core/Src/stm32f1xx_hal_msp.o
 .debug_macro   0x0000000000015e20      0x378 ./Core/Src/stm32f1xx_it.o
 .debug_macro   0x0000000000016198      0x184 ./Core/Src/system_stm32f1xx.o
 .debug_macro   0x000000000001631c      0x18e ./Drivers/ARM_Drivers/Delay_Micros/dwt_stm32_delay.o
 .debug_macro   0x00000000000164aa      0x32f ./Drivers/Device_Drivers/HD44780_LCD/HD44780_LCD.o
 .debug_macro   0x00000000000167d9      0x10e ./Drivers/Device_Drivers/HD44780_LCD/HD44780_LCD.o
 .debug_macro   0x00000000000168e7       0x8d ./Drivers/Device_Drivers/HD44780_LCD/HD44780_LCD.o
 .debug_macro   0x0000000000016974       0x56 ./Drivers/Device_Drivers/HD44780_LCD/HD44780_LCD.o
 .debug_macro   0x00000000000169ca      0x18e ./Drivers/Device_Drivers/Matrix_Keypad/Matrix_Keypad.o
 .debug_macro   0x0000000000016b58      0x1a8 ./Drivers/STM32F1xx_HAL_Driver/Src/stm32f1xx_hal.o
 .debug_macro   0x0000000000016d00      0x184 ./Drivers/STM32F1xx_HAL_Driver/Src/stm32f1xx_hal_cortex.o
 .debug_macro   0x0000000000016e84      0x1ef ./Drivers/STM32F1xx_HAL_Driver/Src/stm32f1xx_hal_gpio.o
 .debug_macro   0x0000000000017073      0x196 ./Drivers/STM32F1xx_HAL_Driver/Src/stm32f1xx_hal_rcc.o

.debug_line     0x0000000000000000     0x687f
 .debug_line    0x0000000000000000      0xa79 ./Core/Src/main.o
 .debug_line    0x0000000000000a79      0x960 ./Core/Src/stm32f1xx_hal_msp.o
 .debug_line    0x00000000000013d9      0xa22 ./Core/Src/stm32f1xx_it.o
 .debug_line    0x0000000000001dfb      0x6af ./Core/Src/system_stm32f1xx.o
 .debug_line    0x00000000000024aa       0x86 ./Core/Startup/startup_stm32f103c8tx.o
 .debug_line    0x0000000000002530      0x66e ./Drivers/ARM_Drivers/Delay_Micros/dwt_stm32_delay.o
 .debug_line    0x0000000000002b9e      0xade ./Drivers/Device_Drivers/HD44780_LCD/HD44780_LCD.o
 .debug_line    0x000000000000367c      0x806 ./Drivers/Device_Drivers/Matrix_Keypad/Matrix_Keypad.o
 .debug_line    0x0000000000003e82      0x8dc ./Drivers/STM32F1xx_HAL_Driver/Src/stm32f1xx_hal.o
 .debug_line    0x000000000000475e      0xac4 ./Drivers/STM32F1xx_HAL_Driver/Src/stm32f1xx_hal_cortex.o
 .debug_line    0x0000000000005222      0x975 ./Drivers/STM32F1xx_HAL_Driver/Src/stm32f1xx_hal_gpio.o
 .debug_line    0x0000000000005b97      0xce8 ./Drivers/STM32F1xx_HAL_Driver/Src/stm32f1xx_hal_rcc.o

.debug_str      0x0000000000000000    0x80106
 .debug_str     0x0000000000000000    0x7eb57 ./Core/Src/main.o
                                      0x7eea9 (size before relaxing)
 .debug_str     0x000000000007eb57       0xaa ./Core/Src/stm32f1xx_hal_msp.o
                                      0x7eb7f (size before relaxing)
 .debug_str     0x000000000007ec01       0xc9 ./Core/Src/stm32f1xx_it.o
                                      0x7eb94 (size before relaxing)
 .debug_str     0x000000000007ecca       0x7e ./Core/Src/system_stm32f1xx.o
                                      0x7abbe (size before relaxing)
 .debug_str     0x000000000007ed48       0x36 ./Core/Startup/startup_stm32f103c8tx.o
                                         0x86 (size before relaxing)
 .debug_str     0x000000000007ed7e      0x106 ./Drivers/ARM_Drivers/Delay_Micros/dwt_stm32_delay.o
                                      0x7ac32 (size before relaxing)
 .debug_str     0x000000000007ee84      0x437 ./Drivers/Device_Drivers/HD44780_LCD/HD44780_LCD.o
                                      0x7e0f8 (size before relaxing)
 .debug_str     0x000000000007f2bb       0x96 ./Drivers/Device_Drivers/Matrix_Keypad/Matrix_Keypad.o
                                      0x7acd9 (size before relaxing)
 .debug_str     0x000000000007f351      0x602 ./Drivers/STM32F1xx_HAL_Driver/Src/stm32f1xx_hal.o
                                      0x7b2f1 (size before relaxing)
 .debug_str     0x000000000007f953      0x2b1 ./Drivers/STM32F1xx_HAL_Driver/Src/stm32f1xx_hal_cortex.o
                                      0x7b23d (size before relaxing)
 .debug_str     0x000000000007fc04      0x2ed ./Drivers/STM32F1xx_HAL_Driver/Src/stm32f1xx_hal_gpio.o
                                      0x7af44 (size before relaxing)
 .debug_str     0x000000000007fef1      0x215 ./Drivers/STM32F1xx_HAL_Driver/Src/stm32f1xx_hal_rcc.o
                                      0x7afed (size before relaxing)

.comment        0x0000000000000000       0x50
 .comment       0x0000000000000000       0x50 ./Core/Src/main.o
                                         0x51 (size before relaxing)
 .comment       0x0000000000000050       0x51 ./Core/Src/stm32f1xx_hal_msp.o
 .comment       0x0000000000000050       0x51 ./Core/Src/stm32f1xx_it.o
 .comment       0x0000000000000050       0x51 ./Core/Src/system_stm32f1xx.o
 .comment       0x0000000000000050       0x51 ./Drivers/ARM_Drivers/Delay_Micros/dwt_stm32_delay.o
 .comment       0x0000000000000050       0x51 ./Drivers/Device_Drivers/HD44780_LCD/HD44780_LCD.o
 .comment       0x0000000000000050       0x51 ./Drivers/Device_Drivers/Matrix_Keypad/Matrix_Keypad.o
 .comment       0x0000000000000050       0x51 ./Drivers/STM32F1xx_HAL_Driver/Src/stm32f1xx_hal.o
 .comment       0x0000000000000050       0x51 ./Drivers/STM32F1xx_HAL_Driver/Src/stm32f1xx_hal_cortex.o
 .comment       0x0000000000000050       0x51 ./Drivers/STM32F1xx_HAL_Driver/Src/stm32f1xx_hal_gpio.o
 .comment       0x0000000000000050       0x51 ./Drivers/STM32F1xx_HAL_Driver/Src/stm32f1xx_hal_rcc.o

.debug_frame    0x0000000000000000     0x1178
 .debug_frame   0x0000000000000000       0x94 ./Core/Src/main.o
 .debug_frame   0x0000000000000094       0x38 ./Core/Src/stm32f1xx_hal_msp.o
 .debug_frame   0x00000000000000cc      0x104 ./Core/Src/stm32f1xx_it.o
 .debug_frame   0x00000000000001d0       0x58 ./Core/Src/system_stm32f1xx.o
 .debug_frame   0x0000000000000228       0x30 ./Drivers/ARM_Drivers/Delay_Micros/dwt_stm32_delay.o
 .debug_frame   0x0000000000000258      0x27c ./Drivers/Device_Drivers/HD44780_LCD/HD44780_LCD.o
 .debug_frame   0x00000000000004d4      0x118 ./Drivers/Device_Drivers/Matrix_Keypad/Matrix_Keypad.o
 .debug_frame   0x00000000000005ec      0x334 ./Drivers/STM32F1xx_HAL_Driver/Src/stm32f1xx_hal.o
 .debug_frame   0x0000000000000920      0x428 ./Drivers/STM32F1xx_HAL_Driver/Src/stm32f1xx_hal_cortex.o
 .debug_frame   0x0000000000000d48      0x14c ./Drivers/STM32F1xx_HAL_Driver/Src/stm32f1xx_hal_gpio.o
 .debug_frame   0x0000000000000e94      0x218 ./Drivers/STM32F1xx_HAL_Driver/Src/stm32f1xx_hal_rcc.o
 .debug_frame   0x00000000000010ac       0x2c c:/st/stm32cubeide_1.12.1/stm32cubeide/plugins/com.st.stm32cube.ide.mcu.externaltools.gnu-tools-for-stm32.10.3-2021.10.win32_1.0.200.202301161003/tools/bin/../lib/gcc/arm-none-eabi/10.3.1/../../../../arm-none-eabi/lib/thumb/v7-m/nofp\libc_nano.a(lib_a-init.o)
 .debug_frame   0x00000000000010d8       0x38 c:/st/stm32cubeide_1.12.1/stm32cubeide/plugins/com.st.stm32cube.ide.mcu.externaltools.gnu-tools-for-stm32.10.3-2021.10.win32_1.0.200.202301161003/tools/bin/../lib/gcc/arm-none-eabi/10.3.1/../../../../arm-none-eabi/lib/thumb/v7-m/nofp\libc_nano.a(lib_a-itoa.o)
 .debug_frame   0x0000000000001110       0x20 c:/st/stm32cubeide_1.12.1/stm32cubeide/plugins/com.st.stm32cube.ide.mcu.externaltools.gnu-tools-for-stm32.10.3-2021.10.win32_1.0.200.202301161003/tools/bin/../lib/gcc/arm-none-eabi/10.3.1/../../../../arm-none-eabi/lib/thumb/v7-m/nofp\libc_nano.a(lib_a-memset.o)
 .debug_frame   0x0000000000001130       0x48 c:/st/stm32cubeide_1.12.1/stm32cubeide/plugins/com.st.stm32cube.ide.mcu.externaltools.gnu-tools-for-stm32.10.3-2021.10.win32_1.0.200.202301161003/tools/bin/../lib/gcc/arm-none-eabi/10.3.1/../../../../arm-none-eabi/lib/thumb/v7-m/nofp\libc_nano.a(lib_a-utoa.o)
